// Jest Snapshot v1, https://goo.gl/fbAQLP

exports[`throw errors on init 1`] = `"❗️ Error: Property “botId” is required"`;

exports[`throw errors on init 2`] = `"❗️ Error: Property “botId” is required"`;

exports[`throw errors on init 3`] = `"❗️ Error: Property “chatId” is required"`;

exports[`throw errors on init 4`] = `"❗️ Error: Telebug is already inited"`;
